 collograd1d[0]:	  3.00000000	 -4.04508497	  1.54508497	 -0.50000000
 collograd1d[1]:	  0.80901699	  0.00000000	 -1.11803399	  0.30901699
 collograd1d[2]:	 -0.30901699	  1.11803399	  0.00000000	 -0.80901699
 collograd1d[3]:	  0.50000000	 -1.54508497	  4.04508497	 -3.00000000
 collograd1d[0]:	 -2.97732648	  3.61240959	  0.42440915	 -4.17292696
 collograd1d[1]:	 -0.88463145	  0.06263227	  0.56306894	  1.37442322
 collograd1d[2]:	  0.34431271	 -1.52560211	  0.49593798	  0.54828267
 collograd1d[3]:	  0.13546013	 -0.41042147	  0.25437347	 -6.26545429
 collograd1d[0]:	 -3.46592188	  1.89221184	  2.88856261	 -0.64549009	 -1.79434637	  1.12498389
 collograd1d[1]:	 -1.80001352	  0.46288791	  1.30407559	  0.28647572	 -0.39349201	  0.14006630
 collograd1d[2]:	 -0.10371066	 -0.80402118	 -0.31095294	  0.88495577	  0.82906498	 -0.49533597
 collograd1d[3]:	  0.49533597	 -0.82906498	 -0.88495577	  0.31095294	  0.80402118	  0.10371066
 collograd1d[4]:	 -0.14006630	  0.39349201	 -0.28647572	 -1.30407559	 -0.46288791	  1.80001352
 collograd1d[5]:	 -1.12498389	  1.79434637	  0.64549009	 -2.88856261	 -1.89221184	  3.46592188
